// Jest Snapshot v1, https://goo.gl/fbAQLP

exports[`Header Component Header renders 1`] = `
<div
  className="MuiBox-root css-0"
>
  <div
    className="MuiContainer-root MuiContainer-maxWidthMd css-xdmu94-MuiContainer-root"
  >
    <div
      className="css-1ukijpk-MuiStack-root"
    >
      <img
        alt="title"
        className="header-img"
        src="./themes/pony/title.png"
        style={
          Object {
            "display": "block",
            "height": "110px",
            "objectFit": "contain",
          }
        }
      />
    </div>
  </div>
</div>
`;
