// Jest Snapshot v1, https://goo.gl/fbAQLP

exports[`Header Component Header renders 1`] = `
<div>
  <div
    class="MuiBox-root css-0"
  >
    <div
      class="MuiContainer-root MuiContainer-maxWidthMd css-xdmu94-MuiContainer-root"
    >
      <div
        class="css-1hfk0uz-MuiStack-root"
      >
        <img
          alt="title"
          class="header-img"
          src="./themes/pony/title.png"
          style="display: block; height: 110px; object-fit: contain;"
        />
      </div>
    </div>
  </div>
</div>
`;
