// Jest Snapshot v1, https://goo.gl/fbAQLP

exports[`MapContainer Component MapContainer renders 1`] = `
<div>
  <div
    class="MuiBox-root css-0"
  >
    <div
      class="MuiContainer-root MuiContainer-maxWidthMd css-xdmu94-MuiContainer-root"
    >
      <div
        class="css-1hfk0uz-MuiStack-root"
      >
        <div
          class="MuiBox-root css-1as3uml"
        >
          <div
            class="MuiBox-root css-1j2jcpt"
            id="id-0"
          />
        </div>
      </div>
    </div>
    <div
      class="MuiContainer-root MuiContainer-maxWidthXs css-nzinn5-MuiContainer-root"
    >
      <div
        class="css-1dzvji0-MuiStack-root"
      >
        <button
          class="MuiButtonBase-root MuiButton-root MuiButton-contained MuiButton-containedError MuiButton-sizeLarge MuiButton-containedSizeLarge MuiButton-fullWidth MuiButton-root MuiButton-contained MuiButton-containedError MuiButton-sizeLarge MuiButton-containedSizeLarge MuiButton-fullWidth css-ceotk2-MuiButtonBase-root-MuiButton-root"
          tabindex="0"
          type="button"
        >
          HERO TURN
          <span
            class="MuiTouchRipple-root css-8je8zh-MuiTouchRipple-root"
          />
        </button>
      </div>
    </div>
  </div>
</div>
`;
