// Jest Snapshot v1, https://goo.gl/fbAQLP

exports[`MapContainer Component MapContainer renders 1`] = `
<div
  className="MuiBox-root css-0"
>
  <div
    className="MuiContainer-root MuiContainer-maxWidthMd css-xdmu94-MuiContainer-root"
  >
    <div
      className="css-1av9md8-MuiStack-root"
    >
      <div
        className="MuiBox-root css-1as3uml"
      >
        <div
          className="MuiBox-root css-gaqaxa"
          id="id-undefined"
        />
      </div>
    </div>
  </div>
  <div
    className="MuiContainer-root MuiContainer-maxWidthXs css-nzinn5-MuiContainer-root"
  >
    <div
      className="css-vankme-MuiStack-root"
    >
      <button
        className="MuiButtonBase-root MuiButton-root MuiLoadingButton-root MuiButton-contained MuiButton-containedError MuiButton-sizeLarge MuiButton-containedSizeLarge MuiButton-fullWidth MuiButton-root MuiLoadingButton-root MuiButton-contained MuiButton-containedError MuiButton-sizeLarge MuiButton-containedSizeLarge MuiButton-fullWidth css-dat04h-MuiButtonBase-root-MuiButton-root-MuiLoadingButton-root"
        disabled={false}
        id=":r0:"
        onBlur={[Function]}
        onClick={[Function]}
        onContextMenu={[Function]}
        onDragLeave={[Function]}
        onFocus={[Function]}
        onKeyDown={[Function]}
        onKeyUp={[Function]}
        onMouseDown={[Function]}
        onMouseLeave={[Function]}
        onMouseUp={[Function]}
        onTouchEnd={[Function]}
        onTouchMove={[Function]}
        onTouchStart={[Function]}
        tabIndex={0}
        type="button"
      >
        HERO TURN
      </button>
    </div>
  </div>
</div>
`;
